2026-04-08 15:03:41 [scrapy.utils.log] INFO: Scrapy 2.14.2 started (bot: baiduspider)
2026-04-08 15:03:41 [scrapy.utils.log] INFO: Versions:
{'lxml': '6.0.2',
 'libxml2': '2.11.9',
 'cssselect': '1.4.0',
 'parsel': '1.11.0',
 'w3lib': '2.4.0',
 'Twisted': '25.5.0',
 'Python': '3.13.3 (tags/v3.13.3:6280bb5, Apr  8 2025, 14:47:33) [MSC v.1943 '
           '64 bit (AMD64)]',
 'pyOpenSSL': '26.0.0 (OpenSSL 3.5.5 27 Jan 2026)',
 'cryptography': '46.0.5',
 'Platform': 'Windows-11-10.0.26200-SP0'}
2026-04-08 15:03:41 [scrapy.crawler] DEBUG: Using AsyncCrawlerProcess
2026-04-08 15:03:41 [asyncio] DEBUG: Using selector: SelectSelector
2026-04-08 15:03:41 [scrapy.addons] INFO: Enabled addons:
[]
2026-04-08 15:03:41 [scrapy.utils.log] DEBUG: Using reactor: twisted.internet.asyncioreactor.AsyncioSelectorReactor
2026-04-08 15:03:41 [scrapy.utils.log] DEBUG: Using asyncio event loop: asyncio.windows_events._WindowsSelectorEventLoop
2026-04-08 15:03:41 [scrapy.extensions.telnet] INFO: Telnet Password: c90ae9e68c2fb1ea
2026-04-08 15:03:41 [scrapy.middleware] INFO: Enabled extensions:
['scrapy.extensions.corestats.CoreStats',
 'scrapy.extensions.logcount.LogCount',
 'scrapy.extensions.telnet.TelnetConsole',
 'scrapy.extensions.logstats.LogStats']
2026-04-08 15:03:41 [scrapy.crawler] INFO: Overridden settings:
{'BOT_NAME': 'baiduspider',
 'CONCURRENT_REQUESTS_PER_DOMAIN': 1,
 'DOWNLOAD_DELAY': 1,
 'FEED_EXPORT_ENCODING': 'utf-8',
 'LOG_FILE': 'log/scrapy_2026_4_8.log',
 'NEWSPIDER_MODULE': 'baiduspider.spiders',
 'SPIDER_MODULES': ['baiduspider.spiders']}
2026-04-08 15:03:42 [scrapy.middleware] INFO: Enabled downloader middlewares:
['scrapy.downloadermiddlewares.offsite.OffsiteMiddleware',
 'scrapy.downloadermiddlewares.httpauth.HttpAuthMiddleware',
 'scrapy.downloadermiddlewares.downloadtimeout.DownloadTimeoutMiddleware',
 'scrapy.downloadermiddlewares.defaultheaders.DefaultHeadersMiddleware',
 'scrapy.downloadermiddlewares.useragent.UserAgentMiddleware',
 'scrapy.downloadermiddlewares.retry.RetryMiddleware',
 'scrapy.downloadermiddlewares.redirect.MetaRefreshMiddleware',
 'scrapy.downloadermiddlewares.httpcompression.HttpCompressionMiddleware',
 'scrapy.downloadermiddlewares.redirect.RedirectMiddleware',
 'scrapy.downloadermiddlewares.cookies.CookiesMiddleware',
 'scrapy.downloadermiddlewares.httpproxy.HttpProxyMiddleware',
 'scrapy.downloadermiddlewares.stats.DownloaderStats']
2026-04-08 15:03:42 [scrapy.middleware] INFO: Enabled spider middlewares:
['scrapy.spidermiddlewares.start.StartSpiderMiddleware',
 'scrapy.spidermiddlewares.httperror.HttpErrorMiddleware',
 'scrapy.spidermiddlewares.referer.RefererMiddleware',
 'scrapy.spidermiddlewares.urllength.UrlLengthMiddleware',
 'scrapy.spidermiddlewares.depth.DepthMiddleware']
2026-04-08 15:03:42 [scrapy.middleware] INFO: Enabled item pipelines:
[]
2026-04-08 15:03:42 [scrapy.core.engine] INFO: Spider opened
2026-04-08 15:03:42 [scrapy.extensions.logstats] INFO: Crawled 0 pages (at 0 pages/min), scraped 0 items (at 0 items/min)
2026-04-08 15:03:42 [scrapy.extensions.telnet] INFO: Telnet console listening on 127.0.0.1:6023
2026-04-08 15:03:53 [scrapy.downloadermiddlewares.redirect] DEBUG: Redirecting (301) to <GET https://www.baidu.com/> from <GET https://baidu.com>
2026-04-08 15:03:53 [scrapy.core.engine] DEBUG: Crawled (200) <GET https://www.baidu.com/> (referer: https://baidu.com)
2026-04-08 15:03:53 [scrapy.core.engine] INFO: Closing spider (finished)
2026-04-08 15:03:53 [scrapy.statscollectors] INFO: Dumping Scrapy stats:
{'downloader/request_bytes': 452,
 'downloader/request_count': 2,
 'downloader/request_method_count/GET': 2,
 'downloader/response_bytes': 1668,
 'downloader/response_count': 2,
 'downloader/response_status_count/200': 1,
 'downloader/response_status_count/301': 1,
 'elapsed_time_seconds': 11.458435,
 'finish_reason': 'finished',
 'finish_time': datetime.datetime(2026, 4, 8, 7, 3, 53, 554903, tzinfo=datetime.timezone.utc),
 'httpcompression/response_bytes': 2443,
 'httpcompression/response_count': 1,
 'items_per_minute': 0.0,
 'log_count/DEBUG': 2,
 'log_count/INFO': 3,
 'response_received_count': 1,
 'responses_per_minute': 5.454545454545455,
 'scheduler/dequeued': 2,
 'scheduler/dequeued/memory': 2,
 'scheduler/enqueued': 2,
 'scheduler/enqueued/memory': 2,
 'start_time': datetime.datetime(2026, 4, 8, 7, 3, 42, 96468, tzinfo=datetime.timezone.utc)}
2026-04-08 15:03:53 [scrapy.core.engine] INFO: Spider closed (finished)
